
****** xsim v2025.2 (64-bit)
  **** SW Build 6299465 on Fri Nov 14 19:35:11 GMT 2025
  **** IP Build 6300035 on Fri Nov 14 10:48:45 MST 2025
  **** SharedData Build 6298862 on Thu Nov 13 04:50:51 MST 2025
  **** Start of session at: Sat Sep  5 11:35:53 2026
    ** Copyright 1986-2022 Xilinx, Inc. All Rights Reserved.
    ** Copyright 2022-2025 Advanced Micro Devices, Inc. All Rights Reserved.

source xsim.dir/sim_tb_top/xsim_script.tcl
# xsim {sim_tb_top} -autoloadwcfg -runall
Time resolution is 1 ps
run -all
UVM_INFO C:AMDDesignToÿÿÿ‚5.2Vivadodata/system_verilog/uvm_1.2/xlnx_uvm_package.sv(18601) @ 0: reporter [UVM/RELNOTES] 
----------------------------------------------------------------
UVM-1.2
(C) 2007-2014 Mentor Graphics Corporation
(C) 2007-2014 Cadence Design Systems, Inc.
(C) 2006-2014 Synopsys, Inc.
(C) 2011-2013 Cypress Semiconductor Corp.
(C) 2013-2014 NVIDIA Corporation
----------------------------------------------------------------

  ***********       IMPORTANT RELEASE NOTES         ************

  You are using a version of the UVM library that has been compiled
  with `UVM_NO_DEPRECATED undefined.

  You are using a version of the UVM library that has been compiled
  with `UVM_OBJECT_DO_NOT_NEED_CONSTRUCTOR undefined.

      (Specify +UVM_NO_RELNOTES to turn off this notice)

UVM_FATAL @ 0: reporter [NOCOMP] No components instantiated. You must either instantiate at least one component before calling run_test or use run_test to do so. To run a test using run_test, use +UVM_TESTNAME or supply the test name in the argument to run_test(). Exiting simulation.
UVM_INFO C:AMDDesignToÿÿÿ‚5.2Vivadodata/system_verilog/uvm_1.2/xlnx_uvm_package.sv(13673) @ 0: reporter [UVM/REPORT/SERVER] 
--- UVM Report Summary ---

** Report counts by severity
UVM_INFO :    1
UVM_WARNING :    0
UVM_ERROR :    0
UVM_FATAL :    1
** Report counts by id
[NOCOMP]     1
[UVM/RELNOTES]     1

$finish called at time : 0 fs : File "C:\AMDDesignTools\2025.2\Vivado\data/system_verilog/uvm_1.2/xlnx_uvm_package.sv" Line 18538
exit
INFO: [Common 17-206] Exiting xsim at Sat Sep  5 11:35:55 2026...
